// Jest Snapshot v1, https://goo.gl/fbAQLP

exports[`<PercentCalculatorCard /> matches snapshot 1`] = `
<div>
  <div
    class="w-full flex flex-col space-y-4 rounded-md bg-basic-4 p-4"
  >
    <div
      class="flex"
    >
      <h3
        class="t-d-1 t-basic-1"
      >
        전체값의 몇 퍼센트는 얼마인가 계산
      </h3>
    </div>
    <div
      class="w-full flex flex-col md:flex-row justify-between space-y-1 md:space-y-0"
    >
      <div
        class="w-full md:w-3/4 flex items-center space-x-1"
      >
        <input
          class="input-text w-1/4 text-right"
          inputmode="numeric"
          placeholder="10000"
          type="text"
          value=""
        />
        <span
          class="t-d-2 t-basic-1"
        >
          의
        </span>
        <input
          class="input-text w-1/4 text-right"
          inputmode="numeric"
          placeholder="20"
          type="text"
          value=""
        />
        <span
          class="t-d-2 t-basic-1"
        >
          %
        </span>
      </div>
      <div
        class="w-1/3 md:w-1/4 flex ml-auto md:ml-0 items-center space-x-1"
      >
        <span
          class="t-d-2 t-basic-1"
        >
          =
        </span>
        <input
          class="input-text w-full text-right"
          inputmode="none"
          placeholder="2,000"
          type="text"
          value=""
        />
        <span
          class="t-d-2 t-basic-1"
        />
      </div>
    </div>
  </div>
</div>
`;
