// Jest Snapshot v1, https://goo.gl/fbAQLP

exports[`<MyLinkCard /> matches snapshot 1`] = `
<div>
  <a
    href="/"
    target="_blank"
  >
    <article
      class="rounded-lg p-4 md:p-8 transition-all bg-zinc-300 dark:bg-zinc-800 shadow-xl dark:shadow-lg text-cyan-500 border-2 border-transparent hover:border-current"
    >
      <div
        class="flex gap-2 justify-between items-center"
      >
        <div
          class="text-2xl font-extrabold "
        >
          제목
        </div>
      </div>
      <div
        class="text-sm mt-2 text-black dark:text-white"
      >
        테스트 설명입니다.
      </div>
    </article>
  </a>
</div>
`;
